20:12:03 **** Incremental Build of configuration Debug for project practica1 ****
make -j8 all 
arm-none-eabi-gcc "../Core/Src/main.c" -mcpu=cortex-m4 -std=gnu11 -g3 -DDEBUG -DUSE_HAL_DRIVER -DSTM32F446xx -c -I../Core/Inc -I../Drivers/STM32F4xx_HAL_Driver/Inc -I../Drivers/STM32F4xx_HAL_Driver/Inc/Legacy -I../Drivers/CMSIS/Device/ST/STM32F4xx/Include -I../Drivers/CMSIS/Include -I../Middlewares/Third_Party/FreeRTOS/Source/include -I../Middlewares/Third_Party/FreeRTOS/Source/CMSIS_RTOS -I../Middlewares/Third_Party/FreeRTOS/Source/portable/GCC/ARM_CM4F -O0 -ffunction-sections -fdata-sections -Wall -fstack-usage -fcyclomatic-complexity -MMD -MP -MF"Core/Src/main.d" -MT"Core/Src/main.o" --specs=nano.specs -mfpu=fpv4-sp-d16 -mfloat-abi=hard -mthumb -o "Core/Src/main.o"
arm-none-eabi-gcc -o "practica1.elf" @"objects.list"   -mcpu=cortex-m4 -T"/home/ignaciocl/postgrado/rtos1/practica1/STM32F446RETX_FLASH.ld" --specs=nosys.specs -Wl,-Map="practica1.map" -Wl,--gc-sections -static --specs=nano.specs -mfpu=fpv4-sp-d16 -mfloat-abi=hard -mthumb -Wl,--start-group -lc -lm -Wl,--end-group
Finished building target: practica1.elf
 
arm-none-eabi-size  practica1.elf 
arm-none-eabi-objdump -h -S practica1.elf  > "practica1.list"
   text	   data	    bss	    dec	    hex	filename
  20704	     16	  18024	  38744	   9758	practica1.elf
Finished building: default.size.stdout
 
Finished building: practica1.list
 

20:12:03 Build Finished. 0 errors, 0 warnings. (took 832ms)

